[INFO] [1788069131.820642414] [x2_deploy_onnx_ref]: x2_deploy_onnx_ref starting [DRY-RUN] autostart=3.000000s max-duration=30.000000s
[WARN] [1788069131.828623182] [x2_deploy_onnx_ref]: AimdkIo: command publishers disabled (read-only dry-run)
[WARN] [1788069131.828685036] [x2_deploy_onnx_ref]: AimdkIo base state: PELVIS reconstructed through yaw/pitch/roll waist (IMU topic '/aima/hal/imu/torso/state')
[WARN] [1788069131.830329418] [x2_deploy_onnx_ref]: Reference motion: ZmqPoseInputSource bound to tcp://127.0.0.1:5556 (topic='pose', strict_velocity=ON). Until the first body-bearing pose frame arrives, Sample() returns the trained stand pose -- safe to start CONTROL on a sub-second window without a VLA on the wire.
[INFO] [1788069132.022157478] [x2_deploy_onnx_ref]: Loaded ONNX: /agibot/data/home/agi/projects/x2_sonic_migrated_20260826/sonic_x2_transfer_v2/GR00T_audit/gear_sonic_deploy/../../models/x2_sonic_frozen_g1core_lora_v2.onnx  (input='obs' [1, 1670])
[WARN] [1788069132.022274017] [x2_deploy_onnx_ref]: SAFETY: per-joint target clamp DISABLED (no --max-target-dev{,-leg,-waist,-arm,-head} set). Policy can drive any joint to any value the ONNX session emits.
[INFO] [1788069132.022300160] [x2_deploy_onnx_ref]: SAFETY: deployment-time PD trim DISABLED (all scales = 1.0). Using trained kps[]/kds[] from policy_parameters.hpp as-is. Note: IsaacLab's implicit PD makes the same numerical KP behave ~1.3-1.5x stiffer at training than at deploy; if you see torso wobble on nudge, try the MC-matched values shipped in configs/real_deploy_tuning/expressive.yaml.
[WARN] [1788069132.022318847] [x2_deploy_onnx_ref]: SAFETY: raw action clip ENABLED at |action_il| <= 20.000 (matches training action_clip_value=20.0 from base_env.yaml)
[WARN] [1788069132.022340350] [x2_deploy_onnx_ref]: SAFETY: soft-exit ramp ENABLED (--return-seconds 2.00s). When --max-duration trips, joints will be lerped back to default_angles before shutdown so MC handoff doesn't fault.
[WARN] [1788069132.022355870] [x2_deploy_onnx_ref]: HANDOFF: --stand-default-pose not provided; RAMP_OUT and HOLD_FOR_MC will target default_angles. MC takeover may snap up to 34 deg at the elbows. Pass --stand-default-pose configs/x2_stand_default_pose.yaml to eliminate the snap.
[WARN] [1788069132.022368925] [x2_deploy_onnx_ref]: HANDOFF: HOLD_FOR_MC disabled (--hold-for-mc-timeout-s <= 0). RAMP_OUT will exit the process; the bus will be silent until bash POSTs start_app.
[WARN] [1788069132.022381085] [x2_deploy_onnx_ref]: HANDOFF: soft-shutdown trigger DISABLED. Ctrl-C will exit immediately via rclcpp default SIGINT handler; bus will be silent for ~1-2 s while MC boots back through PASSIVE_DEFAULT (zero torque, robot drops under gravity). Pass --soft-shutdown-trigger-sentinel PATH to opt in to the graceful path.
[INFO] [1788069132.022395740] [x2_deploy_onnx_ref]: REAL-DEPLOY: output target LPF DISABLED on every group (global=0.00, leg=-1.00, waist=-1.00, arm=-1.00, head=-1.00 Hz).
[WARN] [1788069132.022464985] [x2_deploy_onnx_ref]: HAL command writer configured at 250 Hz (four command groups/tick)
[WARN] [1788069132.022486201] [x2_deploy_onnx_ref]: SAFETY: pose-ref starvation watchdog ENABLED. CONTROL trips into SAFE_IDLE when pose-ref age >= 0.500 s; exit requires fresh frames for >= 1.000 s AND an operator resume chord. SAFE_IDLE holds default_angles with 4x kd (no policy inference).
[WARN] [1788069132.022816171] [x2_deploy_onnx_ref]: SAFETY: operator resume SUB bound to tcp://localhost:5566 topic='pose_resume'. SAFE_IDLE exit requires a resume frame within the last 0.5 s.
[WARN] [1788069132.028287856] [x2_deploy_onnx_ref]: OBS: MC mode poller ENABLED at 1.00 s on '/aimdk_5Fmsgs/srv/GetMcAction'. Latest value published on x2_debug as mc_action_mode (-1 = unknown / service not yet seen).
[INFO] [1788069132.029561501] [x2_deploy_onnx_ref]: AimdkIo: leg joint names validated against mujoco_joint_names [0..12).
[INFO] [1788069132.029819667] [x2_deploy_onnx_ref]: AimdkIo: waist joint names validated against mujoco_joint_names [12..15).
[INFO] [1788069132.030103623] [x2_deploy_onnx_ref]: AimdkIo: head joint names validated against mujoco_joint_names [29..31).
[INFO] [1788069132.030413627] [x2_deploy_onnx_ref]: AimdkIo: arm joint names validated against mujoco_joint_names [15..29).
[INFO] [1788069132.042559188] [x2_deploy_onnx_ref]: INIT -> WAIT_FOR_CONTROL (all state sources fresh; safe-hold latched at current observed pose)
[WARN] [1788069135.025467886] [x2_deploy_onnx_ref]: Autostart elapsed (3.00s) -> CONTROL (DRY-RUN)
[WARN] [1788069135.025609672] [x2_deploy_onnx_ref]: Reference motion 'zmq_pose' yaw-anchored to robot heading (robot yaw = 32.62 deg, applied Δyaw = 0.00 deg). Motion pitch/roll left as recorded (gravity-grounded).
[INFO] [1788069136.028405878] [x2_deploy_onnx_ref]: CONTROL tick=50 policy_t=1.00s alpha=0.49 grav_z=-0.97 act_clip_ticks=0 max_pre_clip=0.00 wrist_bypass_ticks=0 wrist_bypass_max_dev_rad=0.000 head_bypass_ticks=0 head_bypass_max_dev_rad=0.000 pose_ref_age=0.009s mc_mode=0
[INFO] [1788069137.028031656] [x2_deploy_onnx_ref]: CONTROL tick=100 policy_t=2.00s alpha=0.99 grav_z=-0.97 act_clip_ticks=0 max_pre_clip=0.00 wrist_bypass_ticks=0 wrist_bypass_max_dev_rad=0.000 head_bypass_ticks=0 head_bypass_max_dev_rad=0.000 pose_ref_age=0.003s mc_mode=0
[INFO] [1788069138.027889374] [x2_deploy_onnx_ref]: CONTROL tick=150 policy_t=3.00s alpha=1.00 grav_z=-0.97 act_clip_ticks=0 max_pre_clip=0.00 wrist_bypass_ticks=0 wrist_bypass_max_dev_rad=0.000 head_bypass_ticks=0 head_bypass_max_dev_rad=0.000 pose_ref_age=0.015s mc_mode=0
[INFO] [1788069139.028328689] [x2_deploy_onnx_ref]: CONTROL tick=200 policy_t=4.00s alpha=1.00 grav_z=-0.97 act_clip_ticks=11 max_pre_clip=20.90 wrist_bypass_ticks=0 wrist_bypass_max_dev_rad=0.000 head_bypass_ticks=0 head_bypass_max_dev_rad=0.000 pose_ref_age=0.017s mc_mode=0
[INFO] [1788069140.028230926] [x2_deploy_onnx_ref]: CONTROL tick=250 policy_t=5.00s alpha=1.00 grav_z=-0.97 act_clip_ticks=22 max_pre_clip=20.90 wrist_bypass_ticks=0 wrist_bypass_max_dev_rad=0.000 head_bypass_ticks=0 head_bypass_max_dev_rad=0.000 pose_ref_age=0.024s mc_mode=0
[INFO] [1788069141.027983109] [x2_deploy_onnx_ref]: CONTROL tick=300 policy_t=6.00s alpha=1.00 grav_z=-0.97 act_clip_ticks=30 max_pre_clip=20.90 wrist_bypass_ticks=0 wrist_bypass_max_dev_rad=0.000 head_bypass_ticks=0 head_bypass_max_dev_rad=0.000 pose_ref_age=0.003s mc_mode=0
[INFO] [1788069142.028551713] [x2_deploy_onnx_ref]: CONTROL tick=350 policy_t=7.00s alpha=1.00 grav_z=-0.97 act_clip_ticks=31 max_pre_clip=20.90 wrist_bypass_ticks=0 wrist_bypass_max_dev_rad=0.000 head_bypass_ticks=0 head_bypass_max_dev_rad=0.000 pose_ref_age=0.018s mc_mode=0
[INFO] [1788069143.027997469] [x2_deploy_onnx_ref]: CONTROL tick=400 policy_t=8.00s alpha=1.00 grav_z=-0.97 act_clip_ticks=38 max_pre_clip=20.90 wrist_bypass_ticks=0 wrist_bypass_max_dev_rad=0.000 head_bypass_ticks=0 head_bypass_max_dev_rad=0.000 pose_ref_age=0.027s mc_mode=0
[INFO] [1788069144.032984259] [x2_deploy_onnx_ref]: CONTROL tick=450 policy_t=9.00s alpha=1.00 grav_z=-0.97 act_clip_ticks=38 max_pre_clip=20.90 wrist_bypass_ticks=0 wrist_bypass_max_dev_rad=0.000 head_bypass_ticks=0 head_bypass_max_dev_rad=0.000 pose_ref_age=0.026s mc_mode=0
[INFO] [1788069145.027554812] [x2_deploy_onnx_ref]: CONTROL tick=500 policy_t=10.00s alpha=1.00 grav_z=-0.97 act_clip_ticks=38 max_pre_clip=20.90 wrist_bypass_ticks=0 wrist_bypass_max_dev_rad=0.000 head_bypass_ticks=0 head_bypass_max_dev_rad=0.000 pose_ref_age=0.026s mc_mode=0
[INFO] [1788069146.027448003] [x2_deploy_onnx_ref]: CONTROL tick=550 policy_t=11.00s alpha=1.00 grav_z=-0.97 act_clip_ticks=38 max_pre_clip=20.90 wrist_bypass_ticks=0 wrist_bypass_max_dev_rad=0.000 head_bypass_ticks=0 head_bypass_max_dev_rad=0.000 pose_ref_age=0.003s mc_mode=0
[INFO] [1788069147.027613547] [x2_deploy_onnx_ref]: CONTROL tick=600 policy_t=12.00s alpha=1.00 grav_z=-0.97 act_clip_ticks=38 max_pre_clip=20.90 wrist_bypass_ticks=0 wrist_bypass_max_dev_rad=0.000 head_bypass_ticks=0 head_bypass_max_dev_rad=0.000 pose_ref_age=0.001s mc_mode=0
[INFO] [1788069148.027466606] [x2_deploy_onnx_ref]: CONTROL tick=650 policy_t=13.00s alpha=1.00 grav_z=-0.97 act_clip_ticks=38 max_pre_clip=20.90 wrist_bypass_ticks=0 wrist_bypass_max_dev_rad=0.000 head_bypass_ticks=0 head_bypass_max_dev_rad=0.000 pose_ref_age=0.001s mc_mode=0
[INFO] [1788069149.027277815] [x2_deploy_onnx_ref]: CONTROL tick=700 policy_t=14.00s alpha=1.00 grav_z=-0.97 act_clip_ticks=38 max_pre_clip=20.90 wrist_bypass_ticks=0 wrist_bypass_max_dev_rad=0.000 head_bypass_ticks=0 head_bypass_max_dev_rad=0.000 pose_ref_age=0.003s mc_mode=0
[INFO] [1788069150.027362238] [x2_deploy_onnx_ref]: CONTROL tick=750 policy_t=15.00s alpha=1.00 grav_z=-0.97 act_clip_ticks=38 max_pre_clip=20.90 wrist_bypass_ticks=0 wrist_bypass_max_dev_rad=0.000 head_bypass_ticks=0 head_bypass_max_dev_rad=0.000 pose_ref_age=0.025s mc_mode=0
[INFO] [1788069151.027215603] [x2_deploy_onnx_ref]: CONTROL tick=800 policy_t=16.00s alpha=1.00 grav_z=-0.97 act_clip_ticks=38 max_pre_clip=20.90 wrist_bypass_ticks=0 wrist_bypass_max_dev_rad=0.000 head_bypass_ticks=0 head_bypass_max_dev_rad=0.000 pose_ref_age=0.003s mc_mode=0
[INFO] [1788069152.027321233] [x2_deploy_onnx_ref]: CONTROL tick=850 policy_t=17.00s alpha=1.00 grav_z=-0.97 act_clip_ticks=38 max_pre_clip=20.90 wrist_bypass_ticks=0 wrist_bypass_max_dev_rad=0.000 head_bypass_ticks=0 head_bypass_max_dev_rad=0.000 pose_ref_age=0.003s mc_mode=0
[INFO] [1788069153.027319832] [x2_deploy_onnx_ref]: CONTROL tick=900 policy_t=18.00s alpha=1.00 grav_z=-0.97 act_clip_ticks=38 max_pre_clip=20.90 wrist_bypass_ticks=0 wrist_bypass_max_dev_rad=0.000 head_bypass_ticks=0 head_bypass_max_dev_rad=0.000 pose_ref_age=0.027s mc_mode=0
[INFO] [1788069154.027251794] [x2_deploy_onnx_ref]: CONTROL tick=950 policy_t=19.00s alpha=1.00 grav_z=-0.97 act_clip_ticks=38 max_pre_clip=20.90 wrist_bypass_ticks=0 wrist_bypass_max_dev_rad=0.000 head_bypass_ticks=0 head_bypass_max_dev_rad=0.000 pose_ref_age=0.027s mc_mode=0
[INFO] [1788069155.027248242] [x2_deploy_onnx_ref]: CONTROL tick=1000 policy_t=20.00s alpha=1.00 grav_z=-0.97 act_clip_ticks=38 max_pre_clip=20.90 wrist_bypass_ticks=0 wrist_bypass_max_dev_rad=0.000 head_bypass_ticks=0 head_bypass_max_dev_rad=0.000 pose_ref_age=0.000s mc_mode=0
[INFO] [1788069156.027049148] [x2_deploy_onnx_ref]: CONTROL tick=1050 policy_t=21.00s alpha=1.00 grav_z=-0.97 act_clip_ticks=38 max_pre_clip=20.90 wrist_bypass_ticks=0 wrist_bypass_max_dev_rad=0.000 head_bypass_ticks=0 head_bypass_max_dev_rad=0.000 pose_ref_age=0.003s mc_mode=0
[INFO] [1788069157.027496682] [x2_deploy_onnx_ref]: CONTROL tick=1100 policy_t=22.00s alpha=1.00 grav_z=-0.97 act_clip_ticks=38 max_pre_clip=20.90 wrist_bypass_ticks=0 wrist_bypass_max_dev_rad=0.000 head_bypass_ticks=0 head_bypass_max_dev_rad=0.000 pose_ref_age=0.018s mc_mode=0
[INFO] [1788069158.027072632] [x2_deploy_onnx_ref]: CONTROL tick=1150 policy_t=23.00s alpha=1.00 grav_z=-0.97 act_clip_ticks=38 max_pre_clip=20.90 wrist_bypass_ticks=0 wrist_bypass_max_dev_rad=0.000 head_bypass_ticks=0 head_bypass_max_dev_rad=0.000 pose_ref_age=0.017s mc_mode=0
[INFO] [1788069159.027220537] [x2_deploy_onnx_ref]: CONTROL tick=1200 policy_t=24.00s alpha=1.00 grav_z=-0.97 act_clip_ticks=38 max_pre_clip=20.90 wrist_bypass_ticks=0 wrist_bypass_max_dev_rad=0.000 head_bypass_ticks=0 head_bypass_max_dev_rad=0.000 pose_ref_age=0.014s mc_mode=0
[INFO] [1788069160.027083009] [x2_deploy_onnx_ref]: CONTROL tick=1250 policy_t=25.00s alpha=1.00 grav_z=-0.97 act_clip_ticks=38 max_pre_clip=20.90 wrist_bypass_ticks=0 wrist_bypass_max_dev_rad=0.000 head_bypass_ticks=0 head_bypass_max_dev_rad=0.000 pose_ref_age=0.024s mc_mode=0
[INFO] [1788069161.027069212] [x2_deploy_onnx_ref]: CONTROL tick=1300 policy_t=26.00s alpha=1.00 grav_z=-0.97 act_clip_ticks=38 max_pre_clip=20.90 wrist_bypass_ticks=0 wrist_bypass_max_dev_rad=0.000 head_bypass_ticks=0 head_bypass_max_dev_rad=0.000 pose_ref_age=0.002s mc_mode=0
[INFO] [1788069162.027788340] [x2_deploy_onnx_ref]: CONTROL tick=1350 policy_t=27.00s alpha=1.00 grav_z=-0.97 act_clip_ticks=38 max_pre_clip=20.90 wrist_bypass_ticks=0 wrist_bypass_max_dev_rad=0.000 head_bypass_ticks=0 head_bypass_max_dev_rad=0.000 pose_ref_age=0.005s mc_mode=0
[INFO] [1788069163.026954203] [x2_deploy_onnx_ref]: CONTROL tick=1400 policy_t=28.00s alpha=1.00 grav_z=-0.97 act_clip_ticks=38 max_pre_clip=20.90 wrist_bypass_ticks=0 wrist_bypass_max_dev_rad=0.000 head_bypass_ticks=0 head_bypass_max_dev_rad=0.000 pose_ref_age=0.003s mc_mode=0
[INFO] [1788069164.027180641] [x2_deploy_onnx_ref]: CONTROL tick=1450 policy_t=29.00s alpha=1.00 grav_z=-0.97 act_clip_ticks=38 max_pre_clip=20.90 wrist_bypass_ticks=0 wrist_bypass_max_dev_rad=0.000 head_bypass_ticks=0 head_bypass_max_dev_rad=0.000 pose_ref_age=0.022s mc_mode=0
[INFO] [1788069165.026842250] [x2_deploy_onnx_ref]: CONTROL tick=1500 policy_t=30.00s alpha=1.00 grav_z=-0.97 act_clip_ticks=38 max_pre_clip=20.90 wrist_bypass_ticks=0 wrist_bypass_max_dev_rad=0.000 head_bypass_ticks=0 head_bypass_max_dev_rad=0.000 pose_ref_age=0.005s mc_mode=0
[WARN] [1788069165.041149715] [x2_deploy_onnx_ref]: Max duration elapsed (30.00s in CONTROL) -> RAMP_OUT (2.00s return-to-default) (DRY-RUN)
[WARN] [1788069167.061211660] [x2_deploy_onnx_ref]: RAMP_OUT complete (2.00s) -> shutting down. Joints commanded back to STAND_DEFAULT pose; safe to hand off to MC.
