/agibot/data/home/agi/miniconda3/envs/teleop/lib/python3.10/site-packages/pygame/pkgdata.py:25: UserWarning: pkg_resources is deprecated as an API. See https://setuptools.pypa.io/en/latest/pkg_resources.html. The pkg_resources package is slated for removal as early as 2025-11-30. Refrain from using this package or pin to Setuptools<81.
  from pkg_resources import resource_stream, resource_exists
2026-08-30 13:51:42,626 INFO ONNXRuntime available providers: ['TensorrtExecutionProvider', 'CUDAExecutionProvider', 'CPUExecutionProvider']
2026-08-30 13:51:42,627 INFO ONNXRuntime selected providers: ['CUDAExecutionProvider', 'CPUExecutionProvider']
2026-08-30 13:51:42,627 INFO LFP backend=local CUDA ONNX Runtime
[0;93m2026-08-30 13:51:42.754496804 [W:onnxruntime:, transformer_memcpy.cc:85 ApplyImpl] 2 Memcpy nodes are added to the graph main_graph for CUDAExecutionProvider. It might have negative impact on performance (including unable to run CUDA graph). Set session_options.log_severity_level=1 to see the detail logs before this message.[m
2026-08-30 13:51:42,928 INFO HMCP UDP publisher -> 127.0.0.1:51234
2026-08-30 13:51:42,938 INFO SMPL converter=fast device=cpu (full SMPL-X model is not loaded)
2026-08-30 13:51:42,944 INFO GMR backend=native
上衣蓝牙正在连接: F7:C6:1F:AB:37:E0
[GMR] Robot Degrees of Freedom (DoF) names and their order:
[GMR] Robot Body names and their IDs:
[GMR] Robot Motor (Actuator) names and their IDs:
2026-08-30 13:51:43,276 INFO Reference backend=soc2 configured endpoint=10.0.1.42:51237 epoch=1788069097 timeout=80.0ms startup_timeout=1000.0ms startup_frames=50; pipeline=True; connection starts after T-Pose; no automatic local fallback
 等待接收衣服数据...上衣蓝牙已连接并订阅 V2 137B: F7:C6:1F:AB:37:E0
裤子蓝牙正在连接: DD:65:A4:4A:22:36
 等待接收裤子数据... 等待接收裤子数据... 等待接收裤子数据... 等待接收裤子数据... 等待接收裤子数据...裤子蓝牙已连接并订阅 V2 137B: DD:65:A4:4A:22:36
2026-08-30 13:51:57,288 INFO TPOSE_GATE_READY trigger=/agibot/data/home/agi/projects/x2_sonic_migrated_20260826/sonic_x2_transfer_v2/GR00T_audit/gear_sonic_deploy/logs/garment_live_dryrun_20260830_135137/tpose.trigger
2026-08-30 13:52:01,797 INFO TPOSE_TRIGGER_ACCEPTED: starting 3-second calibration countdown
3
2
1
请保持 T-Pose
校准数据设置中
Server start.
手动启动Unity以开始动作捕捉
2026-08-30 13:52:05,545 INFO Reference offload RESET acknowledged after T-Pose
2026-08-30 13:52:05,546 INFO Reference one-frame pipeline enabled: one ordered RPC in flight; no result queue
校准完成，请保持直立
校准完成，请保持直立
校准完成，请保持直立
校准完成，请保持直立
校准完成，请保持直立
校准完成，请保持直立
校准完成，请保持直立
校准完成，请保持直立
校准完成，请保持直立
校准完成，请保持直立
校准完成，请保持直立
校准完成，请保持直立
校准完成，请保持直立
校准完成，请保持直立
校准完成，请保持直立
校准完成，请保持直立
校准完成，请保持直立
校准完成，请保持直立
校准完成，请保持直立
校准完成，请保持直立
校准完成，请保持直立
校准完成，请保持直立
校准完成，请保持直立
校准完成，请保持直立
校准完成，请保持直立
校准完成，请保持直立
校准完成，请保持直立
校准完成，请保持直立
校准完成，请保持直立
校准完成，请保持直立
校准完成，请保持直立
校准完成，请保持直立
校准完成，请保持直立
校准完成，请保持直立
校准完成，请保持直立
校准完成，请保持直立
校准完成，请保持直立
校准完成，请保持直立
校准完成，请保持直立
校准完成，请保持直立
校准完成，请保持直立
校准完成，请保持直立
校准完成，请保持直立
校准完成，请保持直立
校准完成，请保持直立
校准完成，请保持直立
校准完成，请保持直立
校准完成，请保持直立
校准完成，请保持直立
校准完成，请保持直立
校准完成，请保持直立
校准完成，请保持直立
校准完成，请保持直立
校准完成，请保持直立
校准完成，请保持直立
校准完成，请保持直立
校准完成，请保持直立
校准完成，请保持直立
校准完成，请保持直立
校准完成，请保持直立
校准完成，请保持直立
校准完成，请保持直立
校准完成，请保持直立
校准完成，请保持直立
校准完成，请保持直立
校准完成，请保持直立
校准完成，请保持直立
校准完成，请保持直立
校准完成，请保持直立
校准完成，请保持直立
校准完成，请保持直立
校准完成，请保持直立
校准完成，请保持直立
校准完成，请保持直立
校准完成，请保持直立
校准完成，请保持直立
校准完成，请保持直立
校准完成，请保持直立
校准完成，请保持直立
校准完成，请保持直立
校准完成，请保持直立
校准完成，请保持直立
校准完成，请保持直立
校准完成，请保持直立
校准完成，请保持直立
校准完成，请保持直立
校准完成，请保持直立
校准完成，请保持直立
校准完成，请保持直立
校准完成，请保持直立
校准完成，请保持直立
校准完成，请保持直立
校准完成，请保持直立
校准完成，请保持直立
校准完成，请保持直立
校准完成，请保持直立
校准完成，请保持直立
校准完成，请保持直立
校准完成，请保持直立
校准完成，请保持直立
校准完成，请保持直立
校准完成，请保持直立
校准完成，请保持直立
校准完成，请保持直立
校准完成，请保持直立
校准完成，请保持直立
校准完成，请保持直立
校准完成，请保持直立
校准完成，请保持直立
校准完成，请保持直立
校准完成，请保持直立
校准完成，请保持直立
校准完成，请保持直立
校准完成，请保持直立
校准完成，请保持直立
校准完成，请保持直立
校准完成，请保持直立
2026-08-30 13:52:08,547 INFO 开始向 udp 持续发送 G1 参考帧 (stream-mode=udp)
2026-08-30 13:52:08,548 INFO fps=36.36 frame=0 q0=[0.0010000000474974513, 0.1080000028014183, 0.007000000216066837] v0=[0.0, 0.0, 0.0] avg_ms(pre=0.9 lfp=3.9 post=0.1 smpl=0.0 retarget=0.0 remote=16.9 rpc=17.8 viewer=0.0 pub=0.3)
2026-08-30 13:52:08,548 INFO reference_pipeline submitted=119 completed=118 discarded=0 pending=True
2026-08-30 13:52:09,560 INFO fps=35.21 frame=36 q0=[0.003000000026077032, 0.12099999934434891, 0.00800000037997961] v0=[0.0, 0.0, 0.0] avg_ms(pre=1.0 lfp=4.0 post=0.1 smpl=0.0 retarget=0.0 remote=16.3 rpc=17.2 viewer=0.0 pub=0.3)
2026-08-30 13:52:09,560 INFO reference_pipeline submitted=155 completed=154 discarded=0 pending=True
2026-08-30 13:52:10,582 INFO fps=35.21 frame=72 q0=[0.004000000189989805, 0.12999999523162842, 0.007000000216066837] v0=[0.0, 0.0, 0.0] avg_ms(pre=1.0 lfp=4.1 post=0.1 smpl=0.0 retarget=0.0 remote=16.3 rpc=17.2 viewer=0.0 pub=0.3)
2026-08-30 13:52:10,582 INFO reference_pipeline submitted=191 completed=190 discarded=0 pending=True
2026-08-30 13:52:11,584 INFO fps=34.84 frame=107 q0=[0.003000000026077032, 0.13500000536441803, 0.0010000000474974513] v0=[0.0, 0.0, 0.0] avg_ms(pre=1.0 lfp=4.2 post=0.1 smpl=0.0 retarget=0.0 remote=16.1 rpc=17.0 viewer=0.0 pub=0.3)
2026-08-30 13:52:11,585 INFO reference_pipeline submitted=226 completed=225 discarded=0 pending=True
2026-08-30 13:52:12,594 INFO fps=36.10 frame=141 q0=[0.0010000000474974513, 0.13899999856948853, -0.004000000189989805] v0=[0.0, 0.0, 0.0] avg_ms(pre=1.3 lfp=4.6 post=0.1 smpl=0.0 retarget=0.0 remote=16.6 rpc=17.6 viewer=0.0 pub=0.4)
2026-08-30 13:52:12,594 INFO reference_pipeline submitted=260 completed=259 discarded=0 pending=True
2026-08-30 13:52:13,614 INFO fps=34.97 frame=177 q0=[-0.014999999664723873, 0.14800000190734863, 0.05900000035762787] v0=[0.0, 0.0, 0.0] avg_ms(pre=1.2 lfp=4.4 post=0.1 smpl=0.0 retarget=0.0 remote=17.1 rpc=18.0 viewer=0.0 pub=0.3)
2026-08-30 13:52:13,615 INFO reference_pipeline submitted=296 completed=295 discarded=0 pending=True
2026-08-30 13:52:14,617 INFO fps=34.01 frame=212 q0=[0.019999999552965164, 0.10199999809265137, 0.013000000268220901] v0=[0.0, 0.0, 0.0] avg_ms(pre=1.1 lfp=4.5 post=0.1 smpl=0.0 retarget=0.0 remote=17.5 rpc=18.5 viewer=0.0 pub=0.3)
2026-08-30 13:52:14,618 INFO reference_pipeline submitted=331 completed=330 discarded=0 pending=True
2026-08-30 13:52:15,622 INFO fps=34.60 frame=246 q0=[-0.006000000052154064, 0.07100000232458115, -0.08799999952316284] v0=[0.0, 0.0, 0.0] avg_ms(pre=1.6 lfp=5.2 post=0.1 smpl=0.0 retarget=0.0 remote=16.8 rpc=17.8 viewer=0.0 pub=0.7)
2026-08-30 13:52:15,622 INFO reference_pipeline submitted=365 completed=364 discarded=0 pending=True
2026-08-30 13:52:16,627 INFO fps=36.90 frame=282 q0=[-0.023000000044703484, 0.07699999958276749, -0.07999999821186066] v0=[0.0, 0.0, 0.0] avg_ms(pre=1.1 lfp=4.4 post=0.1 smpl=0.0 retarget=0.0 remote=16.5 rpc=17.6 viewer=0.0 pub=0.3)
2026-08-30 13:52:16,627 INFO reference_pipeline submitted=401 completed=400 discarded=0 pending=True
2026-08-30 13:52:17,641 INFO fps=35.71 frame=318 q0=[0.010999999940395355, 0.0689999982714653, -0.01899999938905239] v0=[0.0, 0.0, 0.0] avg_ms(pre=1.1 lfp=4.3 post=0.1 smpl=0.0 retarget=0.0 remote=16.8 rpc=17.8 viewer=0.0 pub=0.3)
2026-08-30 13:52:17,642 INFO reference_pipeline submitted=437 completed=436 discarded=0 pending=True
2026-08-30 13:52:18,657 INFO fps=35.09 frame=354 q0=[0.035999998450279236, 0.08100000023841858, 0.03099999949336052] v0=[0.0, 0.0, 0.0] avg_ms(pre=1.0 lfp=4.3 post=0.1 smpl=0.0 retarget=0.0 remote=17.2 rpc=18.2 viewer=0.0 pub=0.3)
2026-08-30 13:52:18,658 INFO reference_pipeline submitted=473 completed=472 discarded=0 pending=True
2026-08-30 13:52:19,658 INFO fps=34.97 frame=389 q0=[-0.17399999499320984, 0.054999999701976776, 0.03799999877810478] v0=[0.0, 0.0, 0.0] avg_ms(pre=1.0 lfp=4.3 post=0.1 smpl=0.0 retarget=0.0 remote=16.6 rpc=17.5 viewer=0.0 pub=0.5)
2026-08-30 13:52:19,658 INFO reference_pipeline submitted=508 completed=507 discarded=0 pending=True
2026-08-30 13:52:20,681 INFO fps=35.59 frame=424 q0=[0.12099999934434891, -0.10100000351667404, -0.1289999932050705] v0=[0.0, 0.0, 0.0] avg_ms(pre=1.2 lfp=4.8 post=0.1 smpl=0.0 retarget=0.0 remote=16.3 rpc=17.3 viewer=0.0 pub=0.4)
2026-08-30 13:52:20,682 INFO reference_pipeline submitted=543 completed=542 discarded=0 pending=True
自动校准
2026-08-30 13:52:21,695 INFO fps=36.50 frame=460 q0=[0.21299999952316284, 0.003000000026077032, -0.29600000381469727] v0=[0.0, 0.0, 0.0] avg_ms(pre=1.0 lfp=4.5 post=0.1 smpl=0.0 retarget=0.0 remote=16.6 rpc=17.5 viewer=0.0 pub=0.4)
2026-08-30 13:52:21,695 INFO reference_pipeline submitted=579 completed=578 discarded=0 pending=True
2026-08-30 13:52:22,709 INFO fps=35.21 frame=496 q0=[-0.007000000216066837, 0.07900000363588333, -0.09099999815225601] v0=[0.0, 0.0, 0.0] avg_ms(pre=1.0 lfp=4.1 post=0.1 smpl=0.0 retarget=0.0 remote=17.4 rpc=18.3 viewer=0.0 pub=0.3)
2026-08-30 13:52:22,710 INFO reference_pipeline submitted=615 completed=614 discarded=0 pending=True
2026-08-30 13:52:23,736 INFO fps=35.21 frame=532 q0=[-0.01899999938905239, 0.05700000002980232, -0.004000000189989805] v0=[0.0, 0.0, 0.0] avg_ms(pre=1.0 lfp=4.2 post=0.1 smpl=0.0 retarget=0.0 remote=17.3 rpc=18.3 viewer=0.0 pub=0.3)
2026-08-30 13:52:23,736 INFO reference_pipeline submitted=651 completed=650 discarded=0 pending=True
2026-08-30 13:52:24,738 INFO fps=34.72 frame=567 q0=[-0.38199999928474426, 0.13899999856948853, 0.17299999296665192] v0=[0.0, 0.0, 0.0] avg_ms(pre=1.1 lfp=4.3 post=0.1 smpl=0.0 retarget=0.0 remote=16.7 rpc=17.6 viewer=0.0 pub=0.3)
2026-08-30 13:52:24,739 INFO reference_pipeline submitted=686 completed=685 discarded=0 pending=True
2026-08-30 13:52:25,765 INFO fps=35.34 frame=603 q0=[-0.039000000804662704, -0.09799999743700027, 0.017000000923871994] v0=[0.0, 0.0, 0.0] avg_ms(pre=1.0 lfp=4.2 post=0.1 smpl=0.0 retarget=0.0 remote=16.8 rpc=17.8 viewer=0.0 pub=0.3)
2026-08-30 13:52:25,766 INFO reference_pipeline submitted=722 completed=721 discarded=0 pending=True
2026-08-30 13:52:26,792 INFO fps=34.48 frame=639 q0=[-0.03099999949336052, 0.05900000035762787, -0.012000000104308128] v0=[0.0, 0.0, 0.0] avg_ms(pre=1.0 lfp=4.1 post=0.1 smpl=0.0 retarget=0.0 remote=16.8 rpc=17.7 viewer=0.0 pub=0.3)
2026-08-30 13:52:26,792 INFO reference_pipeline submitted=758 completed=757 discarded=0 pending=True
2026-08-30 13:52:27,819 INFO fps=34.97 frame=675 q0=[-0.003000000026077032, 0.14900000393390656, 0.10100000351667404] v0=[0.0, 0.0, 0.0] avg_ms(pre=1.0 lfp=4.1 post=0.1 smpl=0.0 retarget=0.0 remote=17.3 rpc=18.3 viewer=0.0 pub=0.4)
2026-08-30 13:52:27,819 INFO reference_pipeline submitted=794 completed=793 discarded=0 pending=True
2026-08-30 13:52:28,847 INFO fps=35.46 frame=711 q0=[-0.024000000208616257, 0.05299999937415123, -0.10999999940395355] v0=[0.0, 0.0, 0.0] avg_ms(pre=1.0 lfp=4.1 post=0.1 smpl=0.0 retarget=0.0 remote=16.6 rpc=17.6 viewer=0.0 pub=0.3)
2026-08-30 13:52:28,847 INFO reference_pipeline submitted=830 completed=829 discarded=0 pending=True
自动校准
2026-08-30 13:52:29,852 INFO fps=35.84 frame=746 q0=[-0.32199999690055847, 0.11299999803304672, 0.13099999725818634] v0=[0.0, 0.0, 0.0] avg_ms(pre=1.0 lfp=4.4 post=0.1 smpl=0.0 retarget=0.0 remote=16.4 rpc=17.4 viewer=0.0 pub=0.3)
2026-08-30 13:52:29,852 INFO reference_pipeline submitted=865 completed=864 discarded=0 pending=True
2026-08-30 13:52:30,876 INFO fps=35.34 frame=782 q0=[-0.10899999737739563, -0.004000000189989805, -0.18700000643730164] v0=[0.0, 0.0, 0.0] avg_ms(pre=1.0 lfp=4.2 post=0.1 smpl=0.0 retarget=0.0 remote=17.1 rpc=18.0 viewer=0.0 pub=0.3)
2026-08-30 13:52:30,876 INFO reference_pipeline submitted=901 completed=900 discarded=0 pending=True
2026-08-30 13:52:31,902 INFO fps=35.21 frame=818 q0=[-0.43299999833106995, 0.11999999731779099, 0.14499999582767487] v0=[0.0, 0.0, 0.0] avg_ms(pre=1.0 lfp=4.1 post=0.1 smpl=0.0 retarget=0.0 remote=16.7 rpc=17.6 viewer=0.0 pub=0.3)
2026-08-30 13:52:31,902 INFO reference_pipeline submitted=937 completed=936 discarded=0 pending=True
2026-08-30 13:52:32,909 INFO fps=35.34 frame=853 q0=[0.10400000214576721, -0.11299999803304672, -0.11400000005960464] v0=[0.0, 0.0, 0.0] avg_ms(pre=1.0 lfp=4.3 post=0.1 smpl=0.0 retarget=0.0 remote=16.6 rpc=17.6 viewer=0.0 pub=0.3)
2026-08-30 13:52:32,909 INFO reference_pipeline submitted=972 completed=971 discarded=0 pending=True
2026-08-30 13:52:33,934 INFO fps=34.72 frame=889 q0=[0.18700000643730164, 0.03099999949336052, -0.1420000046491623] v0=[0.0, 0.0, 0.0] avg_ms(pre=1.0 lfp=4.1 post=0.1 smpl=0.0 retarget=0.0 remote=16.7 rpc=17.7 viewer=0.0 pub=0.3)
2026-08-30 13:52:33,934 INFO reference_pipeline submitted=1008 completed=1007 discarded=0 pending=True
2026-08-30 13:52:34,961 INFO fps=35.09 frame=925 q0=[-0.16899999976158142, 0.10199999809265137, -0.04899999871850014] v0=[0.0, 0.0, 0.0] avg_ms(pre=1.0 lfp=4.2 post=0.1 smpl=0.0 retarget=0.0 remote=16.4 rpc=17.3 viewer=0.0 pub=0.3)
2026-08-30 13:52:34,962 INFO reference_pipeline submitted=1044 completed=1043 discarded=0 pending=True
2026-08-30 13:52:35,988 INFO fps=35.09 frame=961 q0=[-0.4169999957084656, 0.06199999898672104, 0.04500000178813934] v0=[0.0, 0.0, 0.0] avg_ms(pre=1.1 lfp=4.2 post=0.1 smpl=0.0 retarget=0.0 remote=16.5 rpc=17.4 viewer=0.0 pub=0.3)
2026-08-30 13:52:35,988 INFO reference_pipeline submitted=1080 completed=1079 discarded=0 pending=True
2026-08-30 13:52:37,001 INFO fps=34.60 frame=996 q0=[-0.17599999904632568, -0.10899999737739563, 0.03500000014901161] v0=[0.0, 0.0, 0.0] avg_ms(pre=1.1 lfp=4.4 post=0.1 smpl=0.0 retarget=0.0 remote=16.8 rpc=17.8 viewer=0.0 pub=0.4)
2026-08-30 13:52:37,001 INFO reference_pipeline submitted=1115 completed=1114 discarded=0 pending=True
自动校准
2026-08-30 13:52:38,004 INFO fps=35.97 frame=1031 q0=[0.13899999856948853, -0.009999999776482582, 0.03500000014901161] v0=[0.0, 0.0, 0.0] avg_ms(pre=1.1 lfp=4.3 post=0.1 smpl=0.0 retarget=0.0 remote=16.3 rpc=17.2 viewer=0.0 pub=0.3)
2026-08-30 13:52:38,004 INFO reference_pipeline submitted=1150 completed=1149 discarded=0 pending=True
2026-08-30 13:52:39,006 INFO fps=35.97 frame=1066 q0=[0.13600000739097595, -0.012000000104308128, -0.0989999994635582] v0=[0.0, 0.0, 0.0] avg_ms(pre=1.1 lfp=4.4 post=0.1 smpl=0.0 retarget=0.0 remote=16.6 rpc=17.5 viewer=0.0 pub=0.4)
2026-08-30 13:52:39,006 INFO reference_pipeline submitted=1185 completed=1184 discarded=0 pending=True
2026-08-30 13:52:40,026 INFO fps=35.46 frame=1102 q0=[-0.0989999994635582, 0.04699999839067459, 0.0560000017285347] v0=[0.0, 0.0, 0.0] avg_ms(pre=1.1 lfp=4.2 post=0.1 smpl=0.0 retarget=0.0 remote=16.7 rpc=17.7 viewer=0.0 pub=0.4)
2026-08-30 13:52:40,026 INFO reference_pipeline submitted=1221 completed=1220 discarded=0 pending=True
2026-08-30 13:52:41,048 INFO fps=35.46 frame=1138 q0=[-0.0430000014603138, 0.008999999612569809, -0.164000004529953] v0=[0.0, 0.0, 0.0] avg_ms(pre=1.0 lfp=4.1 post=0.1 smpl=0.0 retarget=0.0 remote=17.2 rpc=18.1 viewer=0.0 pub=0.3)
2026-08-30 13:52:41,048 INFO reference_pipeline submitted=1257 completed=1256 discarded=0 pending=True
2026-08-30 13:52:42,071 INFO fps=35.34 frame=1174 q0=[-0.006000000052154064, 0.04500000178813934, -0.057999998331069946] v0=[0.0, 0.0, 0.0] avg_ms(pre=1.0 lfp=4.1 post=0.1 smpl=0.0 retarget=0.0 remote=17.2 rpc=18.1 viewer=0.0 pub=0.3)
2026-08-30 13:52:42,071 INFO reference_pipeline submitted=1293 completed=1292 discarded=0 pending=True
2026-08-30 13:52:43,072 INFO fps=34.97 frame=1209 q0=[-0.014999999664723873, 0.06499999761581421, -0.05700000002980232] v0=[0.0, 0.0, 0.0] avg_ms(pre=1.0 lfp=4.2 post=0.1 smpl=0.0 retarget=0.0 remote=17.1 rpc=18.1 viewer=0.0 pub=0.3)
2026-08-30 13:52:43,072 INFO reference_pipeline submitted=1328 completed=1327 discarded=0 pending=True
2026-08-30 13:52:44,099 INFO fps=33.44 frame=1243 q0=[-0.07500000298023224, 0.05999999865889549, -0.041999999433755875] v0=[0.0, 0.0, 0.0] avg_ms(pre=1.3 lfp=5.2 post=0.1 smpl=0.0 retarget=0.0 remote=17.2 rpc=18.2 viewer=0.0 pub=0.3)
2026-08-30 13:52:44,100 INFO reference_pipeline submitted=1362 completed=1361 discarded=0 pending=True
2026-08-30 13:52:45,125 INFO fps=35.71 frame=1280 q0=[-0.013000000268220901, 0.052000001072883606, -0.03200000151991844] v0=[0.0, 0.0, 0.0] avg_ms(pre=1.0 lfp=4.2 post=0.1 smpl=0.0 retarget=0.0 remote=17.2 rpc=18.1 viewer=0.0 pub=0.4)
2026-08-30 13:52:45,126 INFO reference_pipeline submitted=1399 completed=1398 discarded=0 pending=True
自动校准
2026-08-30 13:52:46,135 INFO fps=35.71 frame=1316 q0=[-0.05400000140070915, 0.026000000536441803, -0.17000000178813934] v0=[0.0, 0.0, 0.0] avg_ms(pre=1.0 lfp=4.0 post=0.1 smpl=0.0 retarget=0.0 remote=16.8 rpc=17.7 viewer=0.0 pub=0.3)
2026-08-30 13:52:46,136 INFO reference_pipeline submitted=1435 completed=1434 discarded=0 pending=True
2026-08-30 13:52:47,158 INFO fps=34.72 frame=1352 q0=[0.006000000052154064, 0.04800000041723251, -0.06499999761581421] v0=[0.0, 0.0, 0.0] avg_ms(pre=1.1 lfp=4.0 post=0.1 smpl=0.0 retarget=0.0 remote=17.1 rpc=18.0 viewer=0.0 pub=0.3)
2026-08-30 13:52:47,159 INFO reference_pipeline submitted=1471 completed=1470 discarded=0 pending=True
