===== /aima/hal/joint/leg/command =====
Type: aimdk_msgs/msg/JointCommandArray

Publisher count: 1

Node name: mc_ros2_node
Node namespace: /
Topic type: aimdk_msgs/msg/JointCommandArray
Endpoint type: PUBLISHER
GID: 01.0f.39.c2.10.09.23.17.00.00.00.00.00.00.13.03.00.00.00.00.00.00.00.00
QoS profile:
  Reliability: BEST_EFFORT
  History (Depth): UNKNOWN
  Durability: TRANSIENT_LOCAL
  Lifespan: Infinite
  Deadline: Infinite
  Liveliness: AUTOMATIC
  Liveliness lease duration: Infinite

Subscription count: 2

Node name: soc0_drp_ros2_node1491
Node namespace: /
Topic type: aimdk_msgs/msg/JointCommandArray
Endpoint type: SUBSCRIPTION
GID: 01.0f.39.c2.d3.05.05.19.00.00.00.00.00.00.32.04.00.00.00.00.00.00.00.00
QoS profile:
  Reliability: BEST_EFFORT
  History (Depth): UNKNOWN
  Durability: VOLATILE
  Lifespan: Infinite
  Deadline: Infinite
  Liveliness: AUTOMATIC
  Liveliness lease duration: Infinite

Node name: hal_ethercat_x21503
Node namespace: /
Topic type: aimdk_msgs/msg/JointCommandArray
Endpoint type: SUBSCRIPTION
GID: 01.0f.39.c2.df.05.f1.a0.00.00.00.00.00.00.14.04.00.00.00.00.00.00.00.00
QoS profile:
  Reliability: BEST_EFFORT
  History (Depth): UNKNOWN
  Durability: VOLATILE
  Lifespan: Infinite
  Deadline: Infinite
  Liveliness: AUTOMATIC
  Liveliness lease duration: Infinite

===== /aima/hal/joint/waist/command =====
Type: aimdk_msgs/msg/JointCommandArray

Publisher count: 1

Node name: mc_ros2_node
Node namespace: /
Topic type: aimdk_msgs/msg/JointCommandArray
Endpoint type: PUBLISHER
GID: 01.0f.39.c2.10.09.23.17.00.00.00.00.00.00.14.03.00.00.00.00.00.00.00.00
QoS profile:
  Reliability: BEST_EFFORT
  History (Depth): UNKNOWN
  Durability: TRANSIENT_LOCAL
  Lifespan: Infinite
  Deadline: Infinite
  Liveliness: AUTOMATIC
  Liveliness lease duration: Infinite

Subscription count: 2

Node name: soc0_drp_ros2_node1491
Node namespace: /
Topic type: aimdk_msgs/msg/JointCommandArray
Endpoint type: SUBSCRIPTION
GID: 01.0f.39.c2.d3.05.05.19.00.00.00.00.00.00.25.04.00.00.00.00.00.00.00.00
QoS profile:
  Reliability: BEST_EFFORT
  History (Depth): UNKNOWN
  Durability: VOLATILE
  Lifespan: Infinite
  Deadline: Infinite
  Liveliness: AUTOMATIC
  Liveliness lease duration: Infinite

Node name: hal_ethercat_x21503
Node namespace: /
Topic type: aimdk_msgs/msg/JointCommandArray
Endpoint type: SUBSCRIPTION
GID: 01.0f.39.c2.df.05.f1.a0.00.00.00.00.00.00.16.04.00.00.00.00.00.00.00.00
QoS profile:
  Reliability: BEST_EFFORT
  History (Depth): UNKNOWN
  Durability: VOLATILE
  Lifespan: Infinite
  Deadline: Infinite
  Liveliness: AUTOMATIC
  Liveliness lease duration: Infinite

===== /aima/hal/joint/arm/command =====
Type: aimdk_msgs/msg/JointCommandArray

Publisher count: 1

Node name: mc_ros2_node
Node namespace: /
Topic type: aimdk_msgs/msg/JointCommandArray
Endpoint type: PUBLISHER
GID: 01.0f.39.c2.10.09.23.17.00.00.00.00.00.00.12.03.00.00.00.00.00.00.00.00
QoS profile:
  Reliability: BEST_EFFORT
  History (Depth): UNKNOWN
  Durability: TRANSIENT_LOCAL
  Lifespan: Infinite
  Deadline: Infinite
  Liveliness: AUTOMATIC
  Liveliness lease duration: Infinite

Subscription count: 2

Node name: soc0_drp_ros2_node1491
Node namespace: /
Topic type: aimdk_msgs/msg/JointCommandArray
Endpoint type: SUBSCRIPTION
GID: 01.0f.39.c2.d3.05.05.19.00.00.00.00.00.00.27.04.00.00.00.00.00.00.00.00
QoS profile:
  Reliability: BEST_EFFORT
  History (Depth): UNKNOWN
  Durability: VOLATILE
  Lifespan: Infinite
  Deadline: Infinite
  Liveliness: AUTOMATIC
  Liveliness lease duration: Infinite

Node name: hal_ethercat_x21503
Node namespace: /
Topic type: aimdk_msgs/msg/JointCommandArray
Endpoint type: SUBSCRIPTION
GID: 01.0f.39.c2.df.05.f1.a0.00.00.00.00.00.00.19.04.00.00.00.00.00.00.00.00
QoS profile:
  Reliability: BEST_EFFORT
  History (Depth): UNKNOWN
  Durability: VOLATILE
  Lifespan: Infinite
  Deadline: Infinite
  Liveliness: AUTOMATIC
  Liveliness lease duration: Infinite

===== /aima/hal/joint/head/command =====
Type: aimdk_msgs/msg/JointCommandArray

Publisher count: 1

Node name: mc_ros2_node
Node namespace: /
Topic type: aimdk_msgs/msg/JointCommandArray
Endpoint type: PUBLISHER
GID: 01.0f.39.c2.10.09.23.17.00.00.00.00.00.00.15.03.00.00.00.00.00.00.00.00
QoS profile:
  Reliability: BEST_EFFORT
  History (Depth): UNKNOWN
  Durability: TRANSIENT_LOCAL
  Lifespan: Infinite
  Deadline: Infinite
  Liveliness: AUTOMATIC
  Liveliness lease duration: Infinite

Subscription count: 2

Node name: soc0_drp_ros2_node1491
Node namespace: /
Topic type: aimdk_msgs/msg/JointCommandArray
Endpoint type: SUBSCRIPTION
GID: 01.0f.39.c2.d3.05.05.19.00.00.00.00.00.00.24.04.00.00.00.00.00.00.00.00
QoS profile:
  Reliability: BEST_EFFORT
  History (Depth): UNKNOWN
  Durability: VOLATILE
  Lifespan: Infinite
  Deadline: Infinite
  Liveliness: AUTOMATIC
  Liveliness lease duration: Infinite

Node name: hal_ethercat_x21503
Node namespace: /
Topic type: aimdk_msgs/msg/JointCommandArray
Endpoint type: SUBSCRIPTION
GID: 01.0f.39.c2.df.05.f1.a0.00.00.00.00.00.00.1b.04.00.00.00.00.00.00.00.00
QoS profile:
  Reliability: BEST_EFFORT
  History (Depth): UNKNOWN
  Durability: VOLATILE
  Lifespan: Infinite
  Deadline: Infinite
  Liveliness: AUTOMATIC
  Liveliness lease duration: Infinite

